I'm sorry, but errors were detected in your script. Please correct the
errors listed below, and try again.


File "game/script.rpy", line 27: Line is indented, but the preceding say statement statement does not expect a block. Please check this line's indentation. You may have forgotten a colon (:).
    menu:
    ^

File "game/script.rpy", line 63: expected statement.
    Scene black with fade                               
                ^

Ren'Py Version: Ren'Py 8.3.7.25031702
Thu Jun 26 00:30:13 2025
